Archive member included to satisfy reference by file (symbol)

C:/Users/adith/OneDrive/Desktop/STM32CubeIDE_1.16.1/STM32CubeIDE/plugins/com.st.stm32cube.ide.mcu.externaltools.gnu-tools-for-stm32.12.3.rel1.win32_1.0.200.202406191623/tools/bin/../lib/gcc/arm-none-eabi/12.3.1/../../../../arm-none-eabi/lib/thumb/v7e-m+fp/hard\libc_nano.a(libc_a-exit.o)
                              C:/Users/adith/OneDrive/Desktop/STM32CubeIDE_1.16.1/STM32CubeIDE/plugins/com.st.stm32cube.ide.mcu.externaltools.gnu-tools-for-stm32.12.3.rel1.win32_1.0.200.202406191623/tools/bin/../lib/gcc/arm-none-eabi/12.3.1/../../../../arm-none-eabi/lib/thumb/v7e-m+fp/hard/crt0.o (exit)
C:/Users/adith/OneDrive/Desktop/STM32CubeIDE_1.16.1/STM32CubeIDE/plugins/com.st.stm32cube.ide.mcu.externaltools.gnu-tools-for-stm32.12.3.rel1.win32_1.0.200.202406191623/tools/bin/../lib/gcc/arm-none-eabi/12.3.1/../../../../arm-none-eabi/lib/thumb/v7e-m+fp/hard\libc_nano.a(libc_a-ctype_.o)
                              ./Core/Src/main.o (_ctype_)
C:/Users/adith/OneDrive/Desktop/STM32CubeIDE_1.16.1/STM32CubeIDE/plugins/com.st.stm32cube.ide.mcu.externaltools.gnu-tools-for-stm32.12.3.rel1.win32_1.0.200.202406191623/tools/bin/../lib/gcc/arm-none-eabi/12.3.1/../../../../arm-none-eabi/lib/thumb/v7e-m+fp/hard\libc_nano.a(libc_a-findfp.o)
                              C:/Users/adith/OneDrive/Desktop/STM32CubeIDE_1.16.1/STM32CubeIDE/plugins/com.st.stm32cube.ide.mcu.externaltools.gnu-tools-for-stm32.12.3.rel1.win32_1.0.200.202406191623/tools/bin/../lib/gcc/arm-none-eabi/12.3.1/../../../../arm-none-eabi/lib/thumb/v7e-m+fp/hard\libc_nano.a(libc_a-exit.o) (__stdio_exit_handler)
C:/Users/adith/OneDrive/Desktop/STM32CubeIDE_1.16.1/STM32CubeIDE/plugins/com.st.stm32cube.ide.mcu.externaltools.gnu-tools-for-stm32.12.3.rel1.win32_1.0.200.202406191623/tools/bin/../lib/gcc/arm-none-eabi/12.3.1/../../../../arm-none-eabi/lib/thumb/v7e-m+fp/hard\libc_nano.a(libc_a-fwalk.o)
                              C:/Users/adith/OneDrive/Desktop/STM32CubeIDE_1.16.1/STM32CubeIDE/plugins/com.st.stm32cube.ide.mcu.externaltools.gnu-tools-for-stm32.12.3.rel1.win32_1.0.200.202406191623/tools/bin/../lib/gcc/arm-none-eabi/12.3.1/../../../../arm-none-eabi/lib/thumb/v7e-m+fp/hard\libc_nano.a(libc_a-findfp.o) (_fwalk_sglue)
C:/Users/adith/OneDrive/Desktop/STM32CubeIDE_1.16.1/STM32CubeIDE/plugins/com.st.stm32cube.ide.mcu.externaltools.gnu-tools-for-stm32.12.3.rel1.win32_1.0.200.202406191623/tools/bin/../lib/gcc/arm-none-eabi/12.3.1/../../../../arm-none-eabi/lib/thumb/v7e-m+fp/hard\libc_nano.a(libc_a-stdio.o)
                              C:/Users/adith/OneDrive/Desktop/STM32CubeIDE_1.16.1/STM32CubeIDE/plugins/com.st.stm32cube.ide.mcu.externaltools.gnu-tools-for-stm32.12.3.rel1.win32_1.0.200.202406191623/tools/bin/../lib/gcc/arm-none-eabi/12.3.1/../../../../arm-none-eabi/lib/thumb/v7e-m+fp/hard\libc_nano.a(libc_a-findfp.o) (__sread)
C:/Users/adith/OneDrive/Desktop/STM32CubeIDE_1.16.1/STM32CubeIDE/plugins/com.st.stm32cube.ide.mcu.externaltools.gnu-tools-for-stm32.12.3.rel1.win32_1.0.200.202406191623/tools/bin/../lib/gcc/arm-none-eabi/12.3.1/../../../../arm-none-eabi/lib/thumb/v7e-m+fp/hard\libc_nano.a(libc_a-memset.o)
                              C:/Users/adith/OneDrive/Desktop/STM32CubeIDE_1.16.1/STM32CubeIDE/plugins/com.st.stm32cube.ide.mcu.externaltools.gnu-tools-for-stm32.12.3.rel1.win32_1.0.200.202406191623/tools/bin/../lib/gcc/arm-none-eabi/12.3.1/../../../../arm-none-eabi/lib/thumb/v7e-m+fp/hard/crt0.o (memset)
C:/Users/adith/OneDrive/Desktop/STM32CubeIDE_1.16.1/STM32CubeIDE/plugins/com.st.stm32cube.ide.mcu.externaltools.gnu-tools-for-stm32.12.3.rel1.win32_1.0.200.202406191623/tools/bin/../lib/gcc/arm-none-eabi/12.3.1/../../../../arm-none-eabi/lib/thumb/v7e-m+fp/hard\libc_nano.a(libc_a-closer.o)
                              C:/Users/adith/OneDrive/Desktop/STM32CubeIDE_1.16.1/STM32CubeIDE/plugins/com.st.stm32cube.ide.mcu.externaltools.gnu-tools-for-stm32.12.3.rel1.win32_1.0.200.202406191623/tools/bin/../lib/gcc/arm-none-eabi/12.3.1/../../../../arm-none-eabi/lib/thumb/v7e-m+fp/hard\libc_nano.a(libc_a-stdio.o) (_close_r)
C:/Users/adith/OneDrive/Desktop/STM32CubeIDE_1.16.1/STM32CubeIDE/plugins/com.st.stm32cube.ide.mcu.externaltools.gnu-tools-for-stm32.12.3.rel1.win32_1.0.200.202406191623/tools/bin/../lib/gcc/arm-none-eabi/12.3.1/../../../../arm-none-eabi/lib/thumb/v7e-m+fp/hard\libc_nano.a(libc_a-reent.o)
                              C:/Users/adith/OneDrive/Desktop/STM32CubeIDE_1.16.1/STM32CubeIDE/plugins/com.st.stm32cube.ide.mcu.externaltools.gnu-tools-for-stm32.12.3.rel1.win32_1.0.200.202406191623/tools/bin/../lib/gcc/arm-none-eabi/12.3.1/../../../../arm-none-eabi/lib/thumb/v7e-m+fp/hard\libc_nano.a(libc_a-closer.o) (errno)
[...]
Memory Configuration

Name             Origin             Length             Attributes
RAM              0x20000000         0x00018000         xrw
FLASH            0x08000000         0x00080000         xr
*default*        0x00000000         0xffffffff

Linker script and memory map

LOAD C:/Users/adith/OneDrive/Desktop/STM32CubeIDE_1.16.1/STM32CubeIDE/plugins/com.st.stm32cube.ide.mcu.externaltools.gnu-tools-for-stm32.12.3.rel1.win32_1.0.200.202406191623/tools/bin/../lib/gcc/arm-none-eabi/12.3.1/thumb/v7e-m+fp/hard/crti.o
LOAD C:/Users/adith/OneDrive/Desktop/STM32CubeIDE_1.16.1/STM32CubeIDE/plugins/com.st.stm32cube.ide.mcu.externaltools.gnu-tools-for-stm32.12.3.rel1.win32_1.0.200.202406191623/tools/bin/../lib/gcc/arm-none-eabi/12.3.1/thumb/v7e-m+fp/hard/crtbegin.o
LOAD C:/Users/adith/OneDrive/Desktop/STM32CubeIDE_1.16.1/STM32CubeIDE/plugins/com.st.stm32cube.ide.mcu.externaltools.gnu-tools-for-stm32.12.3.rel1.win32_1.0.200.202406191623/tools/bin/../lib/gcc/arm-none-eabi/12.3.1/../../../../arm-none-eabi/lib/thumb/v7e-m+fp/hard/crt0.o
LOAD ./Core/Src/main.o
LOAD ./Core/Src/stm32f4xx_hal_msp.o
LOAD ./Core/Src/stm32f4xx_it.o
LOAD ./Core/Src/syscalls.o
LOAD ./Core/Src/sysmem.o
LOAD ./Core/Src/system_stm32f4xx.o
LOAD ./Core/Startup/startup_stm32f401retx.o
LOAD ./Drivers/STM32F4xx_HAL_Driver/Src/stm32f4xx_hal.o
LOAD ./Drivers/STM32F4xx_HAL_Driver/Src/stm32f4xx_hal_cortex.o
LOAD ./Drivers/STM32F4xx_HAL_Driver/Src/stm32f4xx_hal_dma.o
LOAD ./Drivers/STM32F4xx_HAL_Driver/Src/stm32f4xx_hal_dma_ex.o
LOAD ./Drivers/STM32F4xx_HAL_Driver/Src/stm32f4xx_hal_exti.o
LOAD ./Drivers/STM32F4xx_HAL_Driver/Src/stm32f4xx_hal_flash.o
LOAD ./Drivers/STM32F4xx_HAL_Driver/Src/stm32f4xx_hal_flash_ex.o
LOAD ./Drivers/STM32F4xx_HAL_Driver/Src/stm32f4xx_hal_flash_ramfunc.o
LOAD ./Drivers/STM32F4xx_HAL_Driver/Src/stm32f4xx_hal_gpio.o
LOAD ./Drivers/STM32F4xx_HAL_Driver/Src/stm32f4xx_hal_pwr.o
LOAD ./Drivers/STM32F4xx_HAL_Driver/Src/stm32f4xx_hal_pwr_ex.o
LOAD ./Drivers/STM32F4xx_HAL_Driver/Src/stm32f4xx_hal_rcc.o
LOAD ./Drivers/STM32F4xx_HAL_Driver/Src/stm32f4xx_hal_rcc_ex.o
LOAD ./Drivers/STM32F4xx_HAL_Driver/Src/stm32f4xx_hal_tim.o
LOAD ./Drivers/STM32F4xx_HAL_Driver/Src/stm32f4xx_hal_tim_ex.o
LOAD ./Drivers/STM32F4xx_HAL_Driver/Src/stm32f4xx_hal_uart.o
START GROUP
LOAD C:/Users/adith/OneDrive/Desktop/STM32CubeIDE_1.16.1/STM32CubeIDE/plugins/com.st.stm32cube.ide.mcu.externaltools.gnu-tools-for-stm32.12.3.rel1.win32_1.0.200.202406191623/tools/bin/../lib/gcc/arm-none-eabi/12.3.1/../../../../arm-none-eabi/lib/thumb/v7e-m+fp/hard\libc_nano.a
LOAD C:/Users/adith/OneDrive/Desktop/STM32CubeIDE_1.16.1/STM32CubeIDE/plugins/com.st.stm32cube.ide.mcu.externaltools.gnu-tools-for-stm32.12.3.rel1.win32_1.0.200.202406191623/tools/bin/../lib/gcc/arm-none-eabi/12.3.1/../../../../arm-none-eabi/lib/thumb/v7e-m+fp/hard\libm.a
END GROUP
START GROUP
LOAD C:/Users/adith/OneDrive/Desktop/STM32CubeIDE_1.16.1/STM32CubeIDE/plugins/com.st.stm32cube.ide.mcu.externaltools.gnu-tools-for-stm32.12.3.rel1.win32_1.0.200.202406191623/tools/bin/../lib/gcc/arm-none-eabi/12.3.1/thumb/v7e-m+fp/hard\libgcc.a
LOAD C:/Users/adith/OneDrive/Desktop/STM32CubeIDE_1.16.1/STM32CubeIDE/plugins/com.st.stm32cube.ide.mcu.externaltools.gnu-tools-for-stm32.12.3.rel1.win32_1.0.200.202406191623/tools/bin/../lib/gcc/arm-none-eabi/12.3.1/../../../../arm-none-eabi/lib/thumb/v7e-m+fp/hard\libc_nano.a
END GROUP
START GROUP
LOAD C:/Users/adith/OneDrive/Desktop/STM32CubeIDE_1.16.1/STM32CubeIDE/plugins/com.st.stm32cube.ide.mcu.externaltools.gnu-tools-for-stm32.12.3.rel1.win32_1.0.200.202406191623/tools/bin/../lib/gcc/arm-none-eabi/12.3.1/thumb/v7e-m+fp/hard\libgcc.a
LOAD C:/Users/adith/OneDrive/Desktop/STM32CubeIDE_1.16.1/STM32CubeIDE/plugins/com.st.stm32cube.ide.mcu.externaltools.gnu-tools-for-stm32.12.3.rel1.win32_1.0.200.202406191623/tools/bin/../lib/gcc/arm-none-eabi/12.3.1/../../../../arm-none-eabi/lib/thumb/v7e-m+fp/hard\libc_nano.a
LOAD C:/Users/adith/OneDrive/Desktop/STM32CubeIDE_1.16.1/STM32CubeIDE/plugins/com.st.stm32cube.ide.mcu.externaltools.gnu-tools-for-stm32.12.3.rel1.win32_1.0.200.202406191623/tools/bin/../lib/gcc/arm-none-eabi/12.3.1/../../../../arm-none-eabi/lib/thumb/v7e-m+fp/hard\libnosys.a
END GROUP
START GROUP
LOAD C:/Users/adith/OneDrive/Desktop/STM32CubeIDE_1.16.1/STM32CubeIDE/plugins/com.st.stm32cube.ide.mcu.externaltools.gnu-tools-for-stm32.12.3.rel1.win32_1.0.200.202406191623/tools/bin/../lib/gcc/arm-none-eabi/12.3.1/thumb/v7e-m+fp/hard\libgcc.a
LOAD C:/Users/adith/OneDrive/Desktop/STM32CubeIDE_1.16.1/STM32CubeIDE/plugins/com.st.stm32cube.ide.mcu.externaltools.gnu-tools-for-stm32.12.3.rel1.win32_1.0.200.202406191623/tools/bin/../lib/gcc/arm-none-eabi/12.3.1/../../../../arm-none-eabi/lib/thumb/v7e-m+fp/hard\libc_nano.a
LOAD C:/Users/adith/OneDrive/Desktop/STM32CubeIDE_1.16.1/STM32CubeIDE/plugins/com.st.stm32cube.ide.mcu.externaltools.gnu-tools-for-stm32.12.3.rel1.win32_1.0.200.202406191623/tools/bin/../lib/gcc/arm-none-eabi/12.3.1/../../../../arm-none-eabi/lib/thumb/v7e-m+fp/hard\libnosys.a
END GROUP
LOAD C:/Users/adith/OneDrive/Desktop/STM32CubeIDE_1.16.1/STM32CubeIDE/plugins/com.st.stm32cube.ide.mcu.externaltools.gnu-tools-for-stm32.12.3.rel1.win32_1.0.200.202406191623/tools/bin/../lib/gcc/arm-none-eabi/12.3.1/thumb/v7e-m+fp/hard/crtend.o
LOAD C:/Users/adith/OneDrive/Desktop/STM32CubeIDE_1.16.1/STM32CubeIDE/plugins/com.st.stm32cube.ide.mcu.externaltools.gnu-tools-for-stm32.12.3.rel1.win32_1.0.200.202406191623/tools/bin/../lib/gcc/arm-none-eabi/12.3.1/thumb/v7e-m+fp/hard/crtn.o
                0x20018000                        _estack = (ORIGIN (RAM) + LENGTH (RAM))
                0x00000200                        _Min_Heap_Size = 0x200
                0x00000400                        _Min_Stack_Size = 0x400

.isr_vector     0x08000000      0x194
                0x08000000                        . = ALIGN (0x4)
 *(.isr_vector)
 .isr_vector    0x08000000      0x194 ./Core/Startup/startup_stm32f401retx.o
                0x08000000                g_pfnVectors
                0x08000194                        . = ALIGN (0x4)

.text           0x08000194     0x2120
                0x08000194                        . = ALIGN (0x4)
 *(.text)
 .text          0x08000194       0x40 C:/Users/adith/OneDrive/Desktop/STM32CubeIDE_1.16.1/STM32CubeIDE/plugins/com.st.stm32cube.ide.mcu.externaltools.gnu-tools-for-stm32.12.3.rel1.win32_1.0.200.202406191623/tools/bin/../lib/gcc/arm-none-eabi/12.3.1/thumb/v7e-m+fp/hard/crtbegin.o
 .text          0x080001d4       0x10 C:/Users/adith/OneDrive/Desktop/STM32CubeIDE_1.16.1/STM32CubeIDE/plugins/com.st.stm32cube.ide.mcu.externaltools.gnu-tools-for-stm32.12.3.rel1.win32_1.0.200.202406191623/tools/bin/../lib/gcc/arm-none-eabi/12.3.1/../../../../arm-none-eabi/lib/thumb/v7e-m+fp/hard\libc_nano.a(libc_a-strlen.o)
                0x080001d4                strlen
 .text          0x080001e4       0x30 C:/Users/adith/OneDrive/Desktop/STM32CubeIDE_1.16.1/STM32CubeIDE/plugins/com.st.stm32cube.ide.mcu.externaltools.gnu-tools-for-stm32.12.3.rel1.win32_1.0.200.202406191623/tools/bin/../lib/gcc/arm-none-eabi/12.3.1/thumb/v7e-m+fp/hard\libgcc.a(_aeabi_uldivmod.o)
                0x080001e4                __aeabi_uldivmod
 .text          0x08000214      0x2bc C:/Users/adith/OneDrive/Desktop/STM32CubeIDE_1.16.1/STM32CubeIDE/plugins/com.st.stm32cube.ide.mcu.externaltools.gnu-tools-for-stm32.12.3.rel1.win32_1.0.200.202406191623/tools/bin/../lib/gcc/arm-none-eabi/12.3.1/thumb/v7e-m+fp/hard\libgcc.a(_udivmoddi4.o)
                0x08000214                __udivmoddi4
 .text          0x080004d0        0x4 C:/Users/adith/OneDrive/Desktop/STM32CubeIDE_1.16.1/STM32CubeIDE/plugins/com.st.stm32cube.ide.mcu.externaltools.gnu-tools-for-stm32.12.3.rel1.win32_1.0.200.202406191623/tools/bin/../lib/gcc/arm-none-eabi/12.3.1/thumb/v7e-m+fp/hard\libgcc.a(_dvmd_tls.o)
                0x080004d0                __aeabi_idiv0
                0x080004d0                __aeabi_ldiv0
 *(.text*)
 .text.display_char_in_cell
                0x080004d4       0xb8 ./Core/Src/main.o
                0x080004d4                display_char_in_cell
 .text.clear_all_cells
                0x0800058c       0x60 ./Core/Src/main.o
                0x0800058c                clear_all_cells
 .text.main     0x080005ec      0x12c ./Core/Src/main.o
                0x080005ec                main
 .text.MX_USART2_UART_Init
                0x08000718       0x54 ./Core/Src/main.o
 .text.MX_GPIO_Init
                0x0800076c       0xdc ./Core/Src/main.o
 .text.SystemClock_Config
                0x08000848       0xa8 ./Core/Src/main.o
                0x08000848                SystemClock_Config
 .text.Error_Handler
                0x080008f0        0x8 ./Core/Src/main.o
                0x080008f0                Error_Handler
 .text.HAL_MspInit
                0x080008f8       0x50 ./Core/Src/stm32f4xx_hal_msp.o
                0x080008f8                HAL_MspInit
 .text.HAL_UART_MspInit
                0x08000948       0x90 ./Core/Src/stm32f4xx_hal_msp.o
                0x08000948                HAL_UART_MspInit
 .text.NMI_Handler
                0x080009d8        0x8 ./Core/Src/stm32f4xx_it.o
                0x080009d8                NMI_Handler
 .text.HardFault_Handler
                0x080009e0        0x8 ./Core/Src/stm32f4xx_it.o
                0x080009e0                HardFault_Handler
 .text.MemManage_Handler
                0x080009e8        0x8 ./Core/Src/stm32f4xx_it.o
                0x080009e8                MemManage_Handler
 .text.BusFault_Handler
                0x080009f0        0x8 ./Core/Src/stm32f4xx_it.o
                0x080009f0                BusFault_Handler
 .text.UsageFault_Handler
                0x080009f8        0x8 ./Core/Src/stm32f4xx_it.o
                0x080009f8                UsageFault_Handler
 .text.SVC_Handler
                0x08000a00        0xe ./Core/Src/stm32f4xx_it.o
                0x08000a00                SVC_Handler
 .text.DebugMon_Handler
                0x08000a0e        0xe ./Core/Src/stm32f4xx_it.o
                0x08000a0e                DebugMon_Handler
 .text.PendSV_Handler
                0x08000a1c        0xe ./Core/Src/stm32f4xx_it.o
                0x08000a1c                PendSV_Handler
 .text.SysTick_Handler
                0x08000a2a        0xc ./Core/Src/stm32f4xx_it.o
                0x08000a2a                SysTick_Handler
 *fill*         0x08000a36        0x2 
 .text.SystemInit
                0x08000a38       0x24 ./Core/Src/system_stm32f4xx.o
                0x08000a38                SystemInit
 .text.Reset_Handler
                0x08000a5c       0x50 ./Core/Startup/startup_stm32f401retx.o
                0x08000a5c                Reset_Handler
 .text.Default_Handler
                0x08000aac        0x2 ./Core/Startup/startup_stm32f401retx.o
                0x08000aac                RTC_Alarm_IRQHandler
                0x08000aac                EXTI2_IRQHandler
                0x08000aac                SPI4_IRQHandler
                0x08000aac                TIM1_CC_IRQHandler
                0x08000aac                DMA2_Stream5_IRQHandler
                0x08000aac                DMA1_Stream5_IRQHandler
                0x08000aac                PVD_IRQHandler
                0x08000aac                SDIO_IRQHandler
                0x08000aac                TAMP_STAMP_IRQHandler
                0x08000aac                EXTI3_IRQHandler
                0x08000aac                TIM1_UP_TIM10_IRQHandler
                0x08000aac                I2C3_ER_IRQHandler
                0x08000aac                EXTI0_IRQHandler
                0x08000aac                I2C2_EV_IRQHandler
                0x08000aac                DMA1_Stream2_IRQHandler
                0x08000aac                FPU_IRQHandler
                0x08000aac                DMA2_Stream2_IRQHandler
                0x08000aac                SPI1_IRQHandler
                0x08000aac                TIM1_BRK_TIM9_IRQHandler
                0x08000aac                DMA2_Stream3_IRQHandler
                0x08000aac                USART6_IRQHandler
                0x08000aac                DMA2_Stream0_IRQHandler
                0x08000aac                TIM4_IRQHandler
                0x08000aac                I2C1_EV_IRQHandler
                0x08000aac                DMA1_Stream6_IRQHandler
                0x08000aac                DMA1_Stream1_IRQHandler
                0x08000aac                TIM3_IRQHandler
                0x08000aac                RCC_IRQHandler
                0x08000aac                Default_Handler
                0x08000aac                EXTI15_10_IRQHandler
                0x08000aac                ADC_IRQHandler
                0x08000aac                DMA1_Stream7_IRQHandler
                0x08000aac                TIM5_IRQHandler
                0x08000aac                DMA2_Stream7_IRQHandler
                0x08000aac                I2C3_EV_IRQHandler
                0x08000aac                EXTI9_5_IRQHandler
                0x08000aac                RTC_WKUP_IRQHandler
                0x08000aac                SPI2_IRQHandler
                0x08000aac                DMA1_Stream0_IRQHandler
                0x08000aac                EXTI4_IRQHandler
                0x08000aac                WWDG_IRQHandler
                0x08000aac                TIM2_IRQHandler
                0x08000aac                OTG_FS_WKUP_IRQHandler
                0x08000aac                TIM1_TRG_COM_TIM11_IRQHandler
                0x08000aac                EXTI1_IRQHandler
                0x08000aac                USART2_IRQHandler
                0x08000aac                I2C2_ER_IRQHandler
                0x08000aac                DMA2_Stream1_IRQHandler
                0x08000aac                FLASH_IRQHandler
                0x08000aac                DMA2_Stream4_IRQHandler
                0x08000aac                USART1_IRQHandler
                0x08000aac                OTG_FS_IRQHandler
                0x08000aac                SPI3_IRQHandler
                0x08000aac                DMA1_Stream4_IRQHandler
                0x08000aac                I2C1_ER_IRQHandler
                0x08000aac                DMA2_Stream6_IRQHandler
                0x08000aac                DMA1_Stream3_IRQHandler
 *fill*         0x08000aae        0x2 
 .text.HAL_Init
                0x08000ab0       0x44 ./Drivers/STM32F4xx_HAL_Driver/Src/stm32f4xx_hal.o
                0x08000ab0                HAL_Init
 .text.HAL_InitTick
                0x08000af4       0x60 ./Drivers/STM32F4xx_HAL_Driver/Src/stm32f4xx_hal.o
                0x08000af4                HAL_InitTick
 .text.HAL_IncTick
                0x08000b54       0x28 ./Drivers/STM32F4xx_HAL_Driver/Src/stm32f4xx_hal.o
                0x08000b54                HAL_IncTick
 .text.HAL_GetTick
                0x08000b7c       0x18 ./Drivers/STM32F4xx_HAL_Driver/Src/stm32f4xx_hal.o
                0x08000b7c                HAL_GetTick
 .text.HAL_Delay
                0x08000b94       0x48 ./Drivers/STM32F4xx_HAL_Driver/Src/stm32f4xx_hal.o
                0x08000b94                HAL_Delay
 .text.__NVIC_SetPriorityGrouping
                0x08000bdc       0x48 ./Drivers/STM32F4xx_HAL_Driver/Src/stm32f4xx_hal_cortex.o
 .text.__NVIC_GetPriorityGrouping
                0x08000c24       0x1c ./Drivers/STM32F4xx_HAL_Driver/Src/stm32f4xx_hal_cortex.o
 .text.__NVIC_SetPriority
                0x08000c40       0x54 ./Drivers/STM32F4xx_HAL_Driver/Src/stm32f4xx_hal_cortex.o
 .text.NVIC_EncodePriority
                0x08000c94       0x66 ./Drivers/STM32F4xx_HAL_Driver/Src/stm32f4xx_hal_cortex.o
 *fill*         0x08000cfa        0x2 
 .text.SysTick_Config
                0x08000cfc       0x44 ./Drivers/STM32F4xx_HAL_Driver/Src/stm32f4xx_hal_cortex.o
 .text.HAL_NVIC_SetPriorityGrouping
                0x08000d40       0x16 ./Drivers/STM32F4xx_HAL_Driver/Src/stm32f4xx_hal_cortex.o
                0x08000d40                HAL_NVIC_SetPriorityGrouping
 .text.HAL_NVIC_SetPriority
                0x08000d56       0x38 ./Drivers/STM32F4xx_HAL_Driver/Src/stm32f4xx_hal_cortex.o
                0x08000d56                HAL_NVIC_SetPriority
 .text.HAL_SYSTICK_Config
                0x08000d8e       0x18 ./Drivers/STM32F4xx_HAL_Driver/Src/stm32f4xx_hal_cortex.o
                0x08000d8e                HAL_SYSTICK_Config
 *fill*         0x08000da6        0x2 
 .text.HAL_GPIO_Init
                0x08000da8      0x308 ./Drivers/STM32F4xx_HAL_Driver/Src/stm32f4xx_hal_gpio.o
                0x08000da8                HAL_GPIO_Init
 .text.HAL_GPIO_WritePin
                0x080010b0       0x32 ./Drivers/STM32F4xx_HAL_Driver/Src/stm32f4xx_hal_gpio.o
                0x080010b0                HAL_GPIO_WritePin
 *fill*         0x080010e2        0x2 
 .text.HAL_RCC_OscConfig
                0x080010e4      0x4f0 ./Drivers/STM32F4xx_HAL_Driver/Src/stm32f4xx_hal_rcc.o
                0x080010e4                HAL_RCC_OscConfig
 .text.HAL_RCC_ClockConfig
                0x080015d4      0x1cc ./Drivers/STM32F4xx_HAL_Driver/Src/stm32f4xx_hal_rcc.o
                0x080015d4                HAL_RCC_ClockConfig
 .text.HAL_RCC_GetSysClockFreq
                0x080017a0      0x20c ./Drivers/STM32F4xx_HAL_Driver/Src/stm32f4xx_hal_rcc.o
                0x080017a0                HAL_RCC_GetSysClockFreq
 .text.HAL_RCC_GetHCLKFreq
                0x080019ac       0x18 ./Drivers/STM32F4xx_HAL_Driver/Src/stm32f4xx_hal_rcc.o
                0x080019ac                HAL_RCC_GetHCLKFreq
 .text.HAL_RCC_GetPCLK1Freq
                0x080019c4       0x28 ./Drivers/STM32F4xx_HAL_Driver/Src/stm32f4xx_hal_rcc.o
                0x080019c4                HAL_RCC_GetPCLK1Freq
 .text.HAL_RCC_GetPCLK2Freq
                0x080019ec       0x28 ./Drivers/STM32F4xx_HAL_Driver/Src/stm32f4xx_hal_rcc.o
                0x080019ec                HAL_RCC_GetPCLK2Freq
 .text.HAL_UART_Init
                0x08001a14       0xa0 ./Drivers/STM32F4xx_HAL_Driver/Src/stm32f4xx_hal_uart.o
                0x08001a14                HAL_UART_Init
 .text.HAL_UART_Receive
                0x08001ab4      0x12e ./Drivers/STM32F4xx_HAL_Driver/Src/stm32f4xx_hal_uart.o
                0x08001ab4                HAL_UART_Receive
 .text.UART_WaitOnFlagUntilTimeout
                0x08001be2       0xb2 ./Drivers/STM32F4xx_HAL_Driver/Src/stm32f4xx_hal_uart.o
 .text.UART_EndRxTransfer
                0x08001c94       0xc6 ./Drivers/STM32F4xx_HAL_Driver/Src/stm32f4xx_hal_uart.o
 *fill*         0x08001d5a        0x2 
 .text.UART_SetConfig
                0x08001d5c      0x4e8 ./Drivers/STM32F4xx_HAL_Driver/Src/stm32f4xx_hal_uart.o
 .text.memset   0x08002244       0x10 C:/Users/adith/OneDrive/Desktop/STM32CubeIDE_1.16.1/STM32CubeIDE/plugins/com.st.stm32cube.ide.mcu.externaltools.gnu-tools-for-stm32.12.3.rel1.win32_1.0.200.202406191623/tools/bin/../lib/gcc/arm-none-eabi/12.3.1/../../../../arm-none-eabi/lib/thumb/v7e-m+fp/hard\libc_nano.a(libc_a-memset.o)
                0x08002244                memset
 .text.__libc_init_array
                0x08002254       0x48 C:/Users/adith/OneDrive/Desktop/STM32CubeIDE_1.16.1/STM32CubeIDE/plugins/com.st.stm32cube.ide.mcu.externaltools.gnu-tools-for-stm32.12.3.rel1.win32_1.0.200.202406191623/tools/bin/../lib/gcc/arm-none-eabi/12.3.1/../../../../arm-none-eabi/lib/thumb/v7e-m+fp/hard\libc_nano.a(libc_a-init.o)
                0x08002254                __libc_init_array
 *(.glue_7)
 .glue_7        0x0800229c        0x0 linker stubs
 *(.glue_7t)
 .glue_7t       0x0800229c        0x0 linker stubs
 *(.eh_frame)
 .eh_frame      0x0800229c        0x0 C:/Users/adith/OneDrive/Desktop/STM32CubeIDE_1.16.1/STM32CubeIDE/plugins/com.st.stm32cube.ide.mcu.externaltools.gnu-tools-for-stm32.12.3.rel1.win32_1.0.200.202406191623/tools/bin/../lib/gcc/arm-none-eabi/12.3.1/thumb/v7e-m+fp/hard/crtbegin.o
 *(.init)
 .init          0x0800229c        0x4 C:/Users/adith/OneDrive/Desktop/STM32CubeIDE_1.16.1/STM32CubeIDE/plugins/com.st.stm32cube.ide.mcu.externaltools.gnu-tools-for-stm32.12.3.rel1.win32_1.0.200.202406191623/tools/bin/../lib/gcc/arm-none-eabi/12.3.1/thumb/v7e-m+fp/hard/crti.o
                0x0800229c                _init
 .init          0x080022a0        0x8 C:/Users/adith/OneDrive/Desktop/STM32CubeIDE_1.16.1/STM32CubeIDE/plugins/com.st.stm32cube.ide.mcu.externaltools.gnu-tools-for-stm32.12.3.rel1.win32_1.0.200.202406191623/tools/bin/../lib/gcc/arm-none-eabi/12.3.1/thumb/v7e-m+fp/hard/crtn.o
 *(.fini)
 .fini          0x080022a8        0x4 C:/Users/adith/OneDrive/Desktop/STM32CubeIDE_1.16.1/STM32CubeIDE/plugins/com.st.stm32cube.ide.mcu.externaltools.gnu-tools-for-stm32.12.3.rel1.win32_1.0.200.202406191623/tools/bin/../lib/gcc/arm-none-eabi/12.3.1/thumb/v7e-m+fp/hard/crti.o
                0x080022a8                _fini
 .fini          0x080022ac        0x8 C:/Users/adith/OneDrive/Desktop/STM32CubeIDE_1.16.1/STM32CubeIDE/plugins/com.st.stm32cube.ide.mcu.externaltools.gnu-tools-for-stm32.12.3.rel1.win32_1.0.200.202406191623/tools/bin/../lib/gcc/arm-none-eabi/12.3.1/thumb/v7e-m+fp/hard/crtn.o
                0x080022b4                        . = ALIGN (0x4)
                0x080022b4                        _etext = .

.vfp11_veneer   0x080022b4        0x0
 .vfp11_veneer  0x080022b4        0x0 linker stubs

.v4_bx          0x080022b4        0x0
 .v4_bx         0x080022b4        0x0 linker stubs

.iplt           0x080022b4        0x0
 .iplt          0x080022b4        0x0 C:/Users/adith/OneDrive/Desktop/STM32CubeIDE_1.16.1/STM32CubeIDE/plugins/com.st.stm32cube.ide.mcu.externaltools.gnu-tools-for-stm32.12.3.rel1.win32_1.0.200.202406191623/tools/bin/../lib/gcc/arm-none-eabi/12.3.1/thumb/v7e-m+fp/hard/crtbegin.o

.rodata         0x080022b4      0x1c0
                0x080022b4                        . = ALIGN (0x4)
 *(.rodata)
 *(.rodata*)
 .rodata.braille_map
                0x080022b4       0xa2 ./Core/Src/main.o
                0x080022b4                braille_map
 *fill*         0x08002356        0x2 
 .rodata.AHBPrescTable
                0x08002358       0x10 ./Core/Src/system_stm32f4xx.o
                0x08002358                AHBPrescTable
 .rodata.APBPrescTable
                0x08002368        0x8 ./Core/Src/system_stm32f4xx.o
                0x08002368                APBPrescTable
 .rodata._ctype_
                0x08002370      0x101 C:/Users/adith/OneDrive/Desktop/STM32CubeIDE_1.16.1/STM32CubeIDE/plugins/com.st.stm32cube.ide.mcu.externaltools.gnu-tools-for-stm32.12.3.rel1.win32_1.0.200.202406191623/tools/bin/../lib/gcc/arm-none-eabi/12.3.1/../../../../arm-none-eabi/lib/thumb/v7e-m+fp/hard\libc_nano.a(libc_a-ctype_.o)
                0x08002370                _ctype_
                0x08002474                        . = ALIGN (0x4)
 *fill*         0x08002471        0x3 

.ARM.extab      0x08002474        0x0
                0x08002474                        . = ALIGN (0x4)
 *(.ARM.extab* .gnu.linkonce.armextab.*)
                0x08002474                        . = ALIGN (0x4)

.ARM            0x08002474        0x8
                0x08002474                        . = ALIGN (0x4)
                0x08002474                        __exidx_start = .
 *(.ARM.exidx*)
 .ARM.exidx     0x08002474        0x8 C:/Users/adith/OneDrive/Desktop/STM32CubeIDE_1.16.1/STM32CubeIDE/plugins/com.st.stm32cube.ide.mcu.externaltools.gnu-tools-for-stm32.12.3.rel1.win32_1.0.200.202406191623/tools/bin/../lib/gcc/arm-none-eabi/12.3.1/../../../../arm-none-eabi/lib/thumb/v7e-m+fp/hard\libc_nano.a(libc_a-strlen.o)
 .ARM.exidx     0x0800247c        0x0 C:/Users/adith/OneDrive/Desktop/STM32CubeIDE_1.16.1/STM32CubeIDE/plugins/com.st.stm32cube.ide.mcu.externaltools.gnu-tools-for-stm32.12.3.rel1.win32_1.0.200.202406191623/tools/bin/../lib/gcc/arm-none-eabi/12.3.1/thumb/v7e-m+fp/hard\libgcc.a(_udivmoddi4.o)
                                  0x8 (size before relaxing)
                0x0800247c                        __exidx_end = .
                0x0800247c                        . = ALIGN (0x4)

.preinit_array  0x0800247c        0x0
                0x0800247c                        . = ALIGN (0x4)
                0x0800247c                        PROVIDE (__preinit_array_start = .)
 *(.preinit_array*)
                0x0800247c                        PROVIDE (__preinit_array_end = .)
                0x0800247c                        . = ALIGN (0x4)

.init_array     0x0800247c        0x4
                0x0800247c                        . = ALIGN (0x4)
                0x0800247c                        PROVIDE (__init_array_start = .)
 *(SORT_BY_NAME(.init_array.*))
 *(.init_array*)
 .init_array    0x0800247c        0x4 C:/Users/adith/OneDrive/Desktop/STM32CubeIDE_1.16.1/STM32CubeIDE/plugins/com.st.stm32cube.ide.mcu.externaltools.gnu-tools-for-stm32.12.3.rel1.win32_1.0.200.202406191623/tools/bin/../lib/gcc/arm-none-eabi/12.3.1/thumb/v7e-m+fp/hard/crtbegin.o
                0x08002480                        PROVIDE (__init_array_end = .)
                0x08002480                        . = ALIGN (0x4)

.fini_array     0x08002480        0x4
                0x08002480                        . = ALIGN (0x4)
                [!provide]                        PROVIDE (__fini_array_start = .)
 *(SORT_BY_NAME(.fini_array.*))
 *(.fini_array*)
 .fini_array    0x08002480        0x4 C:/Users/adith/OneDrive/Desktop/STM32CubeIDE_1.16.1/STM32CubeIDE/plugins/com.st.stm32cube.ide.mcu.externaltools.gnu-tools-for-stm32.12.3.rel1.win32_1.0.200.202406191623/tools/bin/../lib/gcc/arm-none-eabi/12.3.1/thumb/v7e-m+fp/hard/crtbegin.o
                [!provide]                        PROVIDE (__fini_array_end = .)
                0x08002484                        . = ALIGN (0x4)
                0x08002484                        _sidata = LOADADDR (.data)

.rel.dyn        0x08002484        0x0
 .rel.iplt      0x08002484        0x0 C:/Users/adith/OneDrive/Desktop/STM32CubeIDE_1.16.1/STM32CubeIDE/plugins/com.st.stm32cube.ide.mcu.externaltools.gnu-tools-for-stm32.12.3.rel1.win32_1.0.200.202406191623/tools/bin/../lib/gcc/arm-none-eabi/12.3.1/thumb/v7e-m+fp/hard/crtbegin.o

.data           0x20000000       0xdc load address 0x08002484
                0x20000000                        . = ALIGN (0x4)
                0x20000000                        _sdata = .
 *(.data)
 *(.data*)
 .data.cell1    0x20000000       0x30 ./Core/Src/main.o
                0x20000000                cell1
 .data.cell2    0x20000030       0x30 ./Core/Src/main.o
                0x20000030                cell2
 .data.cell3    0x20000060       0x30 ./Core/Src/main.o
                0x20000060                cell3
 .data.cell4    0x20000090       0x30 ./Core/Src/main.o
                0x20000090                cell4
 .data.all_cells
                0x200000c0       0x10 ./Core/Src/main.o
                0x200000c0                all_cells
 .data.SystemCoreClock
                0x200000d0        0x4 ./Core/Src/system_stm32f4xx.o
                0x200000d0                SystemCoreClock
 .data.uwTickPrio
                0x200000d4        0x4 ./Drivers/STM32F4xx_HAL_Driver/Src/stm32f4xx_hal.o
                0x200000d4                uwTickPrio
 .data.uwTickFreq
                0x200000d8        0x1 ./Drivers/STM32F4xx_HAL_Driver/Src/stm32f4xx_hal.o
                0x200000d8                uwTickFreq
 *(.RamFunc)
 *(.RamFunc*)
                0x200000dc                        . = ALIGN (0x4)
 *fill*         0x200000d9        0x3 
                0x200000dc                        _edata = .

.igot.plt       0x200000dc        0x0 load address 0x08002560
 .igot.plt      0x200000dc        0x0 C:/Users/adith/OneDrive/Desktop/STM32CubeIDE_1.16.1/STM32CubeIDE/plugins/com.st.stm32cube.ide.mcu.externaltools.gnu-tools-for-stm32.12.3.rel1.win32_1.0.200.202406191623/tools/bin/../lib/gcc/arm-none-eabi/12.3.1/thumb/v7e-m+fp/hard/crtbegin.o
                0x200000dc                        . = ALIGN (0x4)

.bss            0x200000dc       0x68 load address 0x08002560
                0x200000dc                        _sbss = .
                0x200000dc                        __bss_start__ = _sbss
 *(.bss)
 .bss           0x200000dc       0x1c C:/Users/adith/OneDrive/Desktop/STM32CubeIDE_1.16.1/STM32CubeIDE/plugins/com.st.stm32cube.ide.mcu.externaltools.gnu-tools-for-stm32.12.3.rel1.win32_1.0.200.202406191623/tools/bin/../lib/gcc/arm-none-eabi/12.3.1/thumb/v7e-m+fp/hard/crtbegin.o
 *(.bss*)
 .bss.huart2    0x200000f8       0x48 ./Core/Src/main.o
                0x200000f8                huart2
 .bss.uwTick    0x20000140        0x4 ./Drivers/STM32F4xx_HAL_Driver/Src/stm32f4xx_hal.o
                0x20000140                uwTick
 *(COMMON)
                0x20000144                        . = ALIGN (0x4)
                0x20000144                        _ebss = .
                0x20000144                        __bss_end__ = _ebss

._user_heap_stack
                0x20000144      0x604 load address 0x08002560
                0x20000148                        . = ALIGN (0x8)
 *fill*         0x20000144        0x4 
                [!provide]                        PROVIDE (end = .)
                0x20000148                        PROVIDE (_end = .)
                0x20000348                        . = (. + _Min_Heap_Size)
 *fill*         0x20000148      0x200 
                0x20000748                        . = (. + _Min_Stack_Size)
 *fill*         0x20000348      0x400 
                0x20000748                        . = ALIGN (0x8)

/DISCARD/
 libc.a(*)
 libm.a(*)
 libgcc.a(*)

.ARM.attributes
                0x00000000       0x30
 *(.ARM.attributes)
 .ARM.attributes
                0x00000000       0x22 C:/Users/adith/OneDrive/Desktop/STM32CubeIDE_1.16.1/STM32CubeIDE/plugins/com.st.stm32cube.ide.mcu.externaltools.gnu-tools-for-stm32.12.3.rel1.win32_1.0.200.202406191623/tools/bin/../lib/gcc/arm-none-eabi/12.3.1/thumb/v7e-m+fp/hard/crti.o
 .ARM.attributes
                0x00000022       0x34 C:/Users/adith/OneDrive/Desktop/STM32CubeIDE_1.16.1/STM32CubeIDE/plugins/com.st.stm32cube.ide.mcu.externaltools.gnu-tools-for-stm32.12.3.rel1.win32_1.0.200.202406191623/tools/bin/../lib/gcc/arm-none-eabi/12.3.1/thumb/v7e-m+fp/hard/crtbegin.o
 .ARM.attributes
                0x00000056       0x34 ./Core/Src/main.o
 .ARM.attributes
                0x0000008a       0x34 ./Core/Src/stm32f4xx_hal_msp.o
 .ARM.attributes
                0x000000be       0x34 ./Core/Src/stm32f4xx_it.o
 .ARM.attributes
                0x000000f2       0x34 ./Core/Src/system_stm32f4xx.o
 .ARM.attributes
                0x00000126       0x21 ./Core/Startup/startup_stm32f401retx.o
 .ARM.attributes
                0x00000147       0x34 ./Drivers/STM32F4xx_HAL_Driver/Src/stm32f4xx_hal.o
 .ARM.attributes
                0x0000017b       0x34 ./Drivers/STM32F4xx_HAL_Driver/Src/stm32f4xx_hal_cortex.o
 .ARM.attributes
                0x000001af       0x34 ./Drivers/STM32F4xx_HAL_Driver/Src/stm32f4xx_hal_gpio.o
 .ARM.attributes
                0x000001e3       0x34 ./Drivers/STM32F4xx_HAL_Driver/Src/stm32f4xx_hal_rcc.o
 .ARM.attributes
                0x00000217       0x34 ./Drivers/STM32F4xx_HAL_Driver/Src/stm32f4xx_hal_uart.o
 .ARM.attributes
                0x0000024b       0x34 C:/Users/adith/OneDrive/Desktop/STM32CubeIDE_1.16.1/STM32CubeIDE/plugins/com.st.stm32cube.ide.mcu.externaltools.gnu-tools-for-stm32.12.3.rel1.win32_1.0.200.202406191623/tools/bin/../lib/gcc/arm-none-eabi/12.3.1/../../../../arm-none-eabi/lib/thumb/v7e-m+fp/hard\libc_nano.a(libc_a-ctype_.o)
 .ARM.attributes
                0x0000027f       0x34 C:/Users/adith/OneDrive/Desktop/STM32CubeIDE_1.16.1/STM32CubeIDE/plugins/com.st.stm32cube.ide.mcu.externaltools.gnu-tools-for-stm32.12.3.rel1.win32_1.0.200.202406191623/tools/bin/../lib/gcc/arm-none-eabi/12.3.1/../../../../arm-none-eabi/lib/thumb/v7e-m+fp/hard\libc_nano.a(libc_a-memset.o)
 .ARM.attributes
                0x000002b3       0x34 C:/Users/adith/OneDrive/Desktop/STM32CubeIDE_1.16.1/STM32CubeIDE/plugins/com.st.stm32cube.ide.mcu.externaltools.gnu-tools-for-stm32.12.3.rel1.win32_1.0.200.202406191623/tools/bin/../lib/gcc/arm-none-eabi/12.3.1/../../../../arm-none-eabi/lib/thumb/v7e-m+fp/hard\libc_nano.a(libc_a-init.o)
 .ARM.attributes
                0x000002e7       0x17 C:/Users/adith/OneDrive/Desktop/STM32CubeIDE_1.16.1/STM32CubeIDE/plugins/com.st.stm32cube.ide.mcu.externaltools.gnu-tools-for-stm32.12.3.rel1.win32_1.0.200.202406191623/tools/bin/../lib/gcc/arm-none-eabi/12.3.1/../../../../arm-none-eabi/lib/thumb/v7e-m+fp/hard\libc_nano.a(libc_a-strlen.o)
 .ARM.attributes
                0x000002fe       0x22 C:/Users/adith/OneDrive/Desktop/STM32CubeIDE_1.16.1/STM32CubeIDE/plugins/com.st.stm32cube.ide.mcu.externaltools.gnu-tools-for-stm32.12.3.rel1.win32_1.0.200.202406191623/tools/bin/../lib/gcc/arm-none-eabi/12.3.1/thumb/v7e-m+fp/hard\libgcc.a(_aeabi_uldivmod.o)
 .ARM.attributes
                0x00000320       0x34 C:/Users/adith/OneDrive/Desktop/STM32CubeIDE_1.16.1/STM32CubeIDE/plugins/com.st.stm32cube.ide.mcu.externaltools.gnu-tools-for-stm32.12.3.rel1.win32_1.0.200.202406191623/tools/bin/../lib/gcc/arm-none-eabi/12.3.1/thumb/v7e-m+fp/hard\libgcc.a(_udivmoddi4.o)
 .ARM.attributes
                0x00000354       0x22 C:/Users/adith/OneDrive/Desktop/STM32CubeIDE_1.16.1/STM32CubeIDE/plugins/com.st.stm32cube.ide.mcu.externaltools.gnu-tools-for-stm32.12.3.rel1.win32_1.0.200.202406191623/tools/bin/../lib/gcc/arm-none-eabi/12.3.1/thumb/v7e-m+fp/hard\libgcc.a(_dvmd_tls.o)
 .ARM.attributes
                0x00000376       0x22 C:/Users/adith/OneDrive/Desktop/STM32CubeIDE_1.16.1/STM32CubeIDE/plugins/com.st.stm32cube.ide.mcu.externaltools.gnu-tools-for-stm32.12.3.rel1.win32_1.0.200.202406191623/tools/bin/../lib/gcc/arm-none-eabi/12.3.1/thumb/v7e-m+fp/hard/crtn.o
OUTPUT(NUCLEOSPEECHTOBRAILLE.elf elf32-littlearm)
LOAD linker stubs
LOAD C:/Users/adith/OneDrive/Desktop/STM32CubeIDE_1.16.1/STM32CubeIDE/plugins/com.st.stm32cube.ide.mcu.externaltools.gnu-tools-for-stm32.12.3.rel1.win32_1.0.200.202406191623/tools/bin/../lib/gcc/arm-none-eabi/12.3.1/../../../../arm-none-eabi/lib/thumb/v7e-m+fp/hard\libc.a
LOAD C:/Users/adith/OneDrive/Desktop/STM32CubeIDE_1.16.1/STM32CubeIDE/plugins/com.st.stm32cube.ide.mcu.externaltools.gnu-tools-for-stm32.12.3.rel1.win32_1.0.200.202406191623/tools/bin/../lib/gcc/arm-none-eabi/12.3.1/../../../../arm-none-eabi/lib/thumb/v7e-m+fp/hard\libm.a
LOAD C:/Users/adith/OneDrive/Desktop/STM32CubeIDE_1.16.1/STM32CubeIDE/plugins/com.st.stm32cube.ide.mcu.externaltools.gnu-tools-for-stm32.12.3.rel1.win32_1.0.200.202406191623/tools/bin/../lib/gcc/arm-none-eabi/12.3.1/thumb/v7e-m+fp/hard\libgcc.a

.debug_info     0x00000000     0x7324
 .debug_info    0x00000000      0xe72 ./Core/Src/main.o
 .debug_info    0x00000e72      0x92d ./Core/Src/stm32f4xx_hal_msp.o
 .debug_info    0x0000179f      0x112 ./Core/Src/stm32f4xx_it.o
 .debug_info    0x000018b1      0x53e ./Core/Src/system_stm32f4xx.o
 .debug_info    0x00001def       0x30 ./Core/Startup/startup_stm32f401retx.o
 .debug_info    0x00001e1f      0x8bb ./Drivers/STM32F4xx_HAL_Driver/Src/stm32f4xx_hal.o
 .debug_info    0x000026da      0xcf6 ./Drivers/STM32F4xx_HAL_Driver/Src/stm32f4xx_hal_cortex.o
 .debug_info    0x000033d0      0x6f9 ./Drivers/STM32F4xx_HAL_Driver/Src/stm32f4xx_hal_gpio.o
 .debug_info    0x00003ac9      0x905 ./Drivers/STM32F4xx_HAL_Driver/Src/stm32f4xx_hal_rcc.o
 .debug_info    0x000043ce     0x2f56 ./Drivers/STM32F4xx_HAL_Driver/Src/stm32f4xx_hal_uart.o

.debug_abbrev   0x00000000     0x1338
 .debug_abbrev  0x00000000      0x2ba ./Core/Src/main.o
 .debug_abbrev  0x000002ba      0x1c1 ./Core/Src/stm32f4xx_hal_msp.o
 .debug_abbrev  0x0000047b       0x73 ./Core/Src/stm32f4xx_it.o
 .debug_abbrev  0x000004ee      0x11a ./Core/Src/system_stm32f4xx.o
 .debug_abbrev  0x00000608       0x24 ./Core/Startup/startup_stm32f401retx.o
 .debug_abbrev  0x0000062c      0x24b ./Drivers/STM32F4xx_HAL_Driver/Src/stm32f4xx_hal.o
 .debug_abbrev  0x00000877      0x31d ./Drivers/STM32F4xx_HAL_Driver/Src/stm32f4xx_hal_cortex.o
 .debug_abbrev  0x00000b94      0x1d3 ./Drivers/STM32F4xx_HAL_Driver/Src/stm32f4xx_hal_gpio.o
 .debug_abbrev  0x00000d67      0x2b6 ./Drivers/STM32F4xx_HAL_Driver/Src/stm32f4xx_hal_rcc.o
 .debug_abbrev  0x0000101d      0x31b ./Drivers/STM32F4xx_HAL_Driver/Src/stm32f4xx_hal_uart.o

.debug_aranges  0x00000000      0x638
 .debug_aranges
                0x00000000       0x50 ./Core/Src/main.o
 .debug_aranges
                0x00000050       0x30 ./Core/Src/stm32f4xx_hal_msp.o
 .debug_aranges
                0x00000080       0x60 ./Core/Src/stm32f4xx_it.o
 .debug_aranges
                0x000000e0       0x28 ./Core/Src/system_stm32f4xx.o
 .debug_aranges
                0x00000108       0x28 ./Core/Startup/startup_stm32f401retx.o
 .debug_aranges
                0x00000130       0xf0 ./Drivers/STM32F4xx_HAL_Driver/Src/stm32f4xx_hal.o
 .debug_aranges
                0x00000220      0x130 ./Drivers/STM32F4xx_HAL_Driver/Src/stm32f4xx_hal_cortex.o
 .debug_aranges
                0x00000350       0x58 ./Drivers/STM32F4xx_HAL_Driver/Src/stm32f4xx_hal_gpio.o
 .debug_aranges
                0x000003a8       0x88 ./Drivers/STM32F4xx_HAL_Driver/Src/stm32f4xx_hal_rcc.o
 .debug_aranges
                0x00000430      0x208 ./Drivers/STM32F4xx_HAL_Driver/Src/stm32f4xx_hal_uart.o

.debug_rnglists
                0x00000000      0x4c1
 .debug_rnglists
                0x00000000       0x3b ./Core/Src/main.o
 .debug_rnglists
                0x0000003b       0x20 ./Core/Src/stm32f4xx_hal_msp.o
 .debug_rnglists
                0x0000005b       0x43 ./Core/Src/stm32f4xx_it.o
 .debug_rnglists
                0x0000009e       0x1a ./Core/Src/system_stm32f4xx.o
 .debug_rnglists
                0x000000b8       0x19 ./Core/Startup/startup_stm32f401retx.o
 .debug_rnglists
                0x000000d1       0xaf ./Drivers/STM32F4xx_HAL_Driver/Src/stm32f4xx_hal.o
 .debug_rnglists
                0x00000180       0xe0 ./Drivers/STM32F4xx_HAL_Driver/Src/stm32f4xx_hal_cortex.o
 .debug_rnglists
                0x00000260       0x3f ./Drivers/STM32F4xx_HAL_Driver/Src/stm32f4xx_hal_gpio.o
 .debug_rnglists
                0x0000029f       0x66 ./Drivers/STM32F4xx_HAL_Driver/Src/stm32f4xx_hal_rcc.o
 .debug_rnglists
                0x00000305      0x1bc ./Drivers/STM32F4xx_HAL_Driver/Src/stm32f4xx_hal_uart.o

.debug_macro    0x00000000    0x15136
 .debug_macro   0x00000000      0x2b2 ./Core/Src/main.o
 .debug_macro   0x000002b2      0xab4 ./Core/Src/main.o
 .debug_macro   0x00000d66      0x295 ./Core/Src/main.o
 .debug_macro   0x00000ffb       0x2e ./Core/Src/main.o
 .debug_macro   0x00001029       0x28 ./Core/Src/main.o
 .debug_macro   0x00001051       0x22 ./Core/Src/main.o
 .debug_macro   0x00001073       0x8e ./Core/Src/main.o
 .debug_macro   0x00001101       0x51 ./Core/Src/main.o
 .debug_macro   0x00001152      0x103 ./Core/Src/main.o
 .debug_macro   0x00001255       0x6a ./Core/Src/main.o
 .debug_macro   0x000012bf      0x1df ./Core/Src/main.o
 .debug_macro   0x0000149e       0x1c ./Core/Src/main.o
 .debug_macro   0x000014ba       0x22 ./Core/Src/main.o
 .debug_macro   0x000014dc       0xfb ./Core/Src/main.o
 .debug_macro   0x000015d7     0x1011 ./Core/Src/main.o
 .debug_macro   0x000025e8      0x11f ./Core/Src/main.o
 .debug_macro   0x00002707     0xb881 ./Core/Src/main.o
 .debug_macro   0x0000df88       0x6d ./Core/Src/main.o
 .debug_macro   0x0000dff5     0x3693 ./Core/Src/main.o
 .debug_macro   0x00011688      0x189 ./Core/Src/main.o
 .debug_macro   0x00011811       0x5c ./Core/Src/main.o
 .debug_macro   0x0001186d      0x416 ./Core/Src/main.o
 .debug_macro   0x00011c83      0x9e9 ./Core/Src/main.o
 .debug_macro   0x0001266c      0x115 ./Core/Src/main.o
 .debug_macro   0x00012781       0xf8 ./Core/Src/main.o
 .debug_macro   0x00012879       0xa5 ./Core/Src/main.o
 .debug_macro   0x0001291e      0x15f ./Core/Src/main.o
 .debug_macro   0x00012a7d      0x287 ./Core/Src/main.o
 .debug_macro   0x00012d04       0x5f ./Core/Src/main.o
 .debug_macro   0x00012d63      0x236 ./Core/Src/main.o
 .debug_macro   0x00012f99      0x132 ./Core/Src/main.o
 .debug_macro   0x000130cb      0x264 ./Core/Src/main.o
 .debug_macro   0x0001332f       0x2e ./Core/Src/main.o
 .debug_macro   0x0001335d      0x127 ./Core/Src/main.o
 .debug_macro   0x00013484       0x85 ./Core/Src/main.o
 .debug_macro   0x00013509       0x89 ./Core/Src/main.o
 .debug_macro   0x00013592      0x2aa ./Core/Src/main.o
 .debug_macro   0x0001383c      0x126 ./Core/Src/main.o
 .debug_macro   0x00013962       0x4c ./Core/Src/main.o
 .debug_macro   0x000139ae       0x61 ./Core/Src/main.o
 .debug_macro   0x00013a0f       0x2a ./Core/Src/main.o
 .debug_macro   0x00013a39       0x43 ./Core/Src/main.o
 .debug_macro   0x00013a7c       0x34 ./Core/Src/main.o
 .debug_macro   0x00013ab0       0x16 ./Core/Src/main.o
 .debug_macro   0x00013ac6       0x43 ./Core/Src/main.o
 .debug_macro   0x00013b09       0x34 ./Core/Src/main.o
 .debug_macro   0x00013b3d       0x10 ./Core/Src/main.o
 .debug_macro   0x00013b4d       0x58 ./Core/Src/main.o
 .debug_macro   0x00013ba5       0x8e ./Core/Src/main.o
 .debug_macro   0x00013c33       0x1c ./Core/Src/main.o
 .debug_macro   0x00013c4f      0x177 ./Core/Src/main.o
 .debug_macro   0x00013dc6      0x369 ./Core/Src/main.o
 .debug_macro   0x0001412f       0x10 ./Core/Src/main.o
 .debug_macro   0x0001413f       0x35 ./Core/Src/main.o
 .debug_macro   0x00014174       0x20 ./Core/Src/main.o
 .debug_macro   0x00014194      0x11f ./Core/Src/main.o
 .debug_macro   0x000142b3      0x1c9 ./Core/Src/stm32f4xx_hal_msp.o
 .debug_macro   0x0001447c      0x1d3 ./Core/Src/stm32f4xx_it.o
 .debug_macro   0x0001464f      0x1ba ./Core/Src/system_stm32f4xx.o
 .debug_macro   0x00014809      0x21a ./Drivers/STM32F4xx_HAL_Driver/Src/stm32f4xx_hal.o
 .debug_macro   0x00014a23      0x1ba ./Drivers/STM32F4xx_HAL_Driver/Src/stm32f4xx_hal_cortex.o
 .debug_macro   0x00014bdd      0x1c0 ./Drivers/STM32F4xx_HAL_Driver/Src/stm32f4xx_hal_gpio.o
 .debug_macro   0x00014d9d      0x1de ./Drivers/STM32F4xx_HAL_Driver/Src/stm32f4xx_hal_rcc.o
 .debug_macro   0x00014f7b      0x1bb ./Drivers/STM32F4xx_HAL_Driver/Src/stm32f4xx_hal_uart.o

.debug_line     0x00000000     0x7a07
 .debug_line    0x00000000      0xae7 ./Core/Src/main.o
 .debug_line    0x00000ae7      0x744 ./Core/Src/stm32f4xx_hal_msp.o
 .debug_line    0x0000122b      0x7b8 ./Core/Src/stm32f4xx_it.o
 .debug_line    0x000019e3      0x76b ./Core/Src/system_stm32f4xx.o
 .debug_line    0x0000214e       0x7a ./Core/Startup/startup_stm32f401retx.o
 .debug_line    0x000021c8      0x9e3 ./Drivers/STM32F4xx_HAL_Driver/Src/stm32f4xx_hal.o
 .debug_line    0x00002bab      0xcd5 ./Drivers/STM32F4xx_HAL_Driver/Src/stm32f4xx_hal_cortex.o
 .debug_line    0x00003880      0xb33 ./Drivers/STM32F4xx_HAL_Driver/Src/stm32f4xx_hal_gpio.o
 .debug_line    0x000043b3      0xd6e ./Drivers/STM32F4xx_HAL_Driver/Src/stm32f4xx_hal_rcc.o
 .debug_line    0x00005121     0x28e6 ./Drivers/STM32F4xx_HAL_Driver/Src/stm32f4xx_hal_uart.o

.debug_str      0x00000000    0x84ce3
 .debug_str     0x00000000    0x833a9 ./Core/Src/main.o
                              0x836b1 (size before relaxing)
 .debug_str     0x000833a9       0x83 ./Core/Src/stm32f4xx_hal_msp.o
                              0x7faad (size before relaxing)
 .debug_str     0x0008342c       0xc9 ./Core/Src/stm32f4xx_it.o
                              0x7f4e5 (size before relaxing)
 .debug_str     0x000834f5       0xdb ./Core/Src/system_stm32f4xx.o
                              0x7f522 (size before relaxing)
 .debug_str     0x000835d0       0x44 ./Core/Startup/startup_stm32f401retx.o
                                 0x8d (size before relaxing)
 .debug_str     0x00083614      0x991 ./Drivers/STM32F4xx_HAL_Driver/Src/stm32f4xx_hal.o
                              0x7ff44 (size before relaxing)
 .debug_str     0x00083fa5      0x392 ./Drivers/STM32F4xx_HAL_Driver/Src/stm32f4xx_hal_cortex.o
                              0x7fcae (size before relaxing)
 .debug_str     0x00084337      0x121 ./Drivers/STM32F4xx_HAL_Driver/Src/stm32f4xx_hal_gpio.o
                              0x7f69d (size before relaxing)
 .debug_str     0x00084458      0x233 ./Drivers/STM32F4xx_HAL_Driver/Src/stm32f4xx_hal_rcc.o
                              0x7f956 (size before relaxing)
 .debug_str     0x0008468b      0x658 ./Drivers/STM32F4xx_HAL_Driver/Src/stm32f4xx_hal_uart.o
                              0x7ff25 (size before relaxing)

.comment        0x00000000       0x43
 .comment       0x00000000       0x43 ./Core/Src/main.o
                                 0x44 (size before relaxing)
 .comment       0x00000043       0x44 ./Core/Src/stm32f4xx_hal_msp.o
 .comment       0x00000043       0x44 ./Core/Src/stm32f4xx_it.o
 .comment       0x00000043       0x44 ./Core/Src/system_stm32f4xx.o
 .comment       0x00000043       0x44 ./Drivers/STM32F4xx_HAL_Driver/Src/stm32f4xx_hal.o
 .comment       0x00000043       0x44 ./Drivers/STM32F4xx_HAL_Driver/Src/stm32f4xx_hal_cortex.o
 .comment       0x00000043       0x44 ./Drivers/STM32F4xx_HAL_Driver/Src/stm32f4xx_hal_gpio.o
 .comment       0x00000043       0x44 ./Drivers/STM32F4xx_HAL_Driver/Src/stm32f4xx_hal_rcc.o
 .comment       0x00000043       0x44 ./Drivers/STM32F4xx_HAL_Driver/Src/stm32f4xx_hal_uart.o

.debug_frame    0x00000000     0x1888
 .debug_frame   0x00000000       0xf4 ./Core/Src/main.o
 .debug_frame   0x000000f4       0x7c ./Core/Src/stm32f4xx_hal_msp.o
 .debug_frame   0x00000170      0x104 ./Core/Src/stm32f4xx_it.o
 .debug_frame   0x00000274       0x58 ./Core/Src/system_stm32f4xx.o
 .debug_frame   0x000002cc      0x374 ./Drivers/STM32F4xx_HAL_Driver/Src/stm32f4xx_hal.o
 .debug_frame   0x00000640      0x508 ./Drivers/STM32F4xx_HAL_Driver/Src/stm32f4xx_hal_cortex.o
 .debug_frame   0x00000b48      0x14c ./Drivers/STM32F4xx_HAL_Driver/Src/stm32f4xx_hal_gpio.o
 .debug_frame   0x00000c94      0x1f4 ./Drivers/STM32F4xx_HAL_Driver/Src/stm32f4xx_hal_rcc.o
 .debug_frame   0x00000e88      0x954 ./Drivers/STM32F4xx_HAL_Driver/Src/stm32f4xx_hal_uart.o
 .debug_frame   0x000017dc       0x20 C:/Users/adith/OneDrive/Desktop/STM32CubeIDE_1.16.1/STM32CubeIDE/plugins/com.st.stm32cube.ide.mcu.externaltools.gnu-tools-for-stm32.12.3.rel1.win32_1.0.200.202406191623/tools/bin/../lib/gcc/arm-none-eabi/12.3.1/../../../../arm-none-eabi/lib/thumb/v7e-m+fp/hard\libc_nano.a(libc_a-memset.o)
 .debug_frame   0x000017fc       0x2c C:/Users/adith/OneDrive/Desktop/STM32CubeIDE_1.16.1/STM32CubeIDE/plugins/com.st.stm32cube.ide.mcu.externaltools.gnu-tools-for-stm32.12.3.rel1.win32_1.0.200.202406191623/tools/bin/../lib/gcc/arm-none-eabi/12.3.1/../../../../arm-none-eabi/lib/thumb/v7e-m+fp/hard\libc_nano.a(libc_a-init.o)
 .debug_frame   0x00001828       0x2c C:/Users/adith/OneDrive/Desktop/STM32CubeIDE_1.16.1/STM32CubeIDE/plugins/com.st.stm32cube.ide.mcu.externaltools.gnu-tools-for-stm32.12.3.rel1.win32_1.0.200.202406191623/tools/bin/../lib/gcc/arm-none-eabi/12.3.1/thumb/v7e-m+fp/hard\libgcc.a(_aeabi_uldivmod.o)
 .debug_frame   0x00001854       0x34 C:/Users/adith/OneDrive/Desktop/STM32CubeIDE_1.16.1/STM32CubeIDE/plugins/com.st.stm32cube.ide.mcu.externaltools.gnu-tools-for-stm32.12.3.rel1.win32_1.0.200.202406191623/tools/bin/../lib/gcc/arm-none-eabi/12.3.1/thumb/v7e-m+fp/hard\libgcc.a(_udivmoddi4.o)

.debug_line_str
                0x00000000       0x71
 .debug_line_str
                0x00000000       0x71 ./Core/Startup/startup_stm32f401retx.o
